[2026-06-03 17:56:58] [local.INFO] [getApiDataWithJWT] Starting API call | {"endpoint":"atem\/lookups","method":"GET","staff_id":"5609","has_data":false}
[2026-06-03 17:56:58] [local.INFO] [getJWTToken] Requesting new JWT token | {"email":"atem-service@local"}
[2026-06-03 17:57:00] [local.INFO] [getJWTToken] JWT token obtained successfully | {"httpCode":200}
[2026-06-03 17:57:00] [local.INFO] [getAuthToken] New token cached | {"staff_id":"5609","expiry":"2026-06-03 18:57:00"}
[2026-06-03 17:57:00] [local.INFO] [getApiDataWithJWT] Sending request to API | {"url":"http:\/\/localhost\/atem-api\/public\/api\/atem\/lookups","method":"GET","data":null}
[2026-06-03 17:57:01] [local.INFO] [getApiDataWithJWT] API call successful | {"endpoint":"atem\/lookups","httpCode":200,"response_length":3550}
[2026-06-03 17:57:01] [local.INFO] [getStaffAuthData] Retrieving staff data | {"staff_id":"5609"}
[2026-06-03 17:57:01] [local.INFO] [getApiDataWithJWT] Starting API call | {"endpoint":"atem","method":"POST","staff_id":"5609","has_data":true}
[2026-06-03 17:57:01] [local.INFO] [getAuthToken] Using cached token | {"staff_id":"5609","expiry":"2026-06-03 18:57:00"}
[2026-06-03 17:57:01] [local.INFO] [getApiDataWithJWT] Sending request to API | {"url":"http:\/\/localhost\/atem-api\/public\/api\/atem","method":"POST","data":{"issuer_staff_id":5609,"issuer_name":"Siti Anasuha Binti Rosli","department_id":16,"department_name":"Digital Innovation"}}
[2026-06-03 17:57:02] [local.INFO] [getApiDataWithJWT] API call successful | {"endpoint":"atem","httpCode":200,"response_length":32}
[2026-06-03 17:59:55] [local.INFO] [getStaffAuthData] Retrieving staff data | {"staff_id":""}
[2026-06-03 17:59:55] [local.ERROR] [getStaffAuthData] Database query failed | {"staff_id":"","error":"You have an error in your SQL syntax; check the manual that corresponds to your MySQL server version for the right syntax to use near '' at line 4"}
[2026-06-03 17:59:55] [local.INFO] [getApiDataWithJWT] Starting API call | {"endpoint":"atem\/lookups","method":"GET","staff_id":null,"has_data":false}
[2026-06-03 17:59:55] [local.INFO] [getJWTToken] Requesting new JWT token | {"email":"atem-service@local"}
[2026-06-03 17:59:57] [local.INFO] [getJWTToken] JWT token obtained successfully | {"httpCode":200}
[2026-06-03 17:59:57] [local.INFO] [getAuthToken] New token cached | {"staff_id":null,"expiry":"2026-06-03 18:59:57"}
[2026-06-03 17:59:57] [local.INFO] [getApiDataWithJWT] Sending request to API | {"url":"http:\/\/localhost\/atem-api\/public\/api\/atem\/lookups","method":"GET","data":null}
[2026-06-03 17:59:57] [local.INFO] [getApiDataWithJWT] API call successful | {"endpoint":"atem\/lookups","httpCode":200,"response_length":3550}
[2026-06-03 17:59:57] [local.INFO] [getApiDataWithJWT] Starting API call | {"endpoint":"atem","method":"POST","staff_id":null,"has_data":true}
[2026-06-03 17:59:57] [local.INFO] [getAuthToken] Using cached token | {"staff_id":null,"expiry":"2026-06-03 18:59:57"}
[2026-06-03 17:59:57] [local.INFO] [getApiDataWithJWT] Sending request to API | {"url":"http:\/\/localhost\/atem-api\/public\/api\/atem","method":"POST","data":{"issuer_staff_id":null,"issuer_name":null,"department_id":null,"department_name":null}}
[2026-06-03 17:59:58] [local.INFO] [getApiDataWithJWT] API call successful | {"endpoint":"atem","httpCode":200,"response_length":32}
[2026-06-03 17:59:58] [local.INFO] [getApiDataWithJWT] Starting API call | {"endpoint":"atem\/3\/arci","method":"POST","staff_id":null,"has_data":true}
[2026-06-03 17:59:58] [local.INFO] [getAuthToken] Using cached token | {"staff_id":null,"expiry":"2026-06-03 18:59:57"}
[2026-06-03 17:59:58] [local.INFO] [getApiDataWithJWT] Sending request to API | {"url":"http:\/\/localhost\/atem-api\/public\/api\/atem\/3\/arci","method":"POST","data":{"staff_id":5,"staff_name":"Test A","department_id":16,"department_name":"DI","role":"A","assigned_by":null}}
[2026-06-03 17:59:59] [local.INFO] [getApiDataWithJWT] API call successful | {"endpoint":"atem\/3\/arci","httpCode":200,"response_length":266}
[2026-06-03 17:59:59] [local.INFO] [getApiDataWithJWT] Starting API call | {"endpoint":"atem\/3","method":"PUT","staff_id":null,"has_data":true}
[2026-06-03 17:59:59] [local.INFO] [getAuthToken] Using cached token | {"staff_id":null,"expiry":"2026-06-03 18:59:57"}
[2026-06-03 17:59:59] [local.INFO] [getApiDataWithJWT] Sending request to API | {"url":"http:\/\/localhost\/atem-api\/public\/api\/atem\/3","method":"PUT","data":{"title":"Proxy Test","level_structure_id":3,"incentive_rule_id":2,"atem_status_id":1,"start_date":"2026-06-01","end_date":"2026-06-30","finalize":true,"updated_by":null}}
[2026-06-03 17:59:59] [local.INFO] [getApiDataWithJWT] API call successful | {"endpoint":"atem\/3","httpCode":200,"response_length":1086}
[2026-06-03 18:01:39] [local.INFO] [getApiDataWithJWT] Starting API call | {"endpoint":"atem\/lookups","method":"GET","staff_id":"5609","has_data":false}
[2026-06-03 18:01:39] [local.INFO] [getAuthToken] Using cached token | {"staff_id":"5609","expiry":"2026-06-03 18:57:00"}
[2026-06-03 18:01:39] [local.INFO] [getApiDataWithJWT] Sending request to API | {"url":"http:\/\/localhost\/atem-api\/public\/api\/atem\/lookups","method":"GET","data":null}
[2026-06-03 18:01:40] [local.INFO] [getApiDataWithJWT] API call successful | {"endpoint":"atem\/lookups","httpCode":200,"response_length":3550}
[2026-06-03 18:01:40] [local.INFO] [getStaffAuthData] Retrieving staff data | {"staff_id":"5609"}
[2026-06-03 18:01:40] [local.INFO] [getApiDataWithJWT] Starting API call | {"endpoint":"atem","method":"POST","staff_id":"5609","has_data":true}
[2026-06-03 18:01:40] [local.INFO] [getAuthToken] Using cached token | {"staff_id":"5609","expiry":"2026-06-03 18:57:00"}
[2026-06-03 18:01:40] [local.INFO] [getApiDataWithJWT] Sending request to API | {"url":"http:\/\/localhost\/atem-api\/public\/api\/atem","method":"POST","data":{"issuer_staff_id":5609,"issuer_name":"Siti Anasuha Binti Rosli","department_id":16,"department_name":"Digital Innovation"}}
[2026-06-03 18:01:41] [local.INFO] [getApiDataWithJWT] API call successful | {"endpoint":"atem","httpCode":200,"response_length":32}
[2026-06-03 18:05:48] [local.INFO] [getApiDataWithJWT] Starting API call | {"endpoint":"atem\/lookups","method":"GET","staff_id":"5609","has_data":false}
[2026-06-03 18:05:48] [local.INFO] [getAuthToken] Using cached token | {"staff_id":"5609","expiry":"2026-06-03 18:57:00"}
[2026-06-03 18:05:48] [local.INFO] [getApiDataWithJWT] Sending request to API | {"url":"http:\/\/localhost\/atem-api\/public\/api\/atem\/lookups","method":"GET","data":null}
[2026-06-03 18:05:49] [local.INFO] [getApiDataWithJWT] API call successful | {"endpoint":"atem\/lookups","httpCode":200,"response_length":3550}
[2026-06-03 18:05:49] [local.INFO] [getStaffAuthData] Retrieving staff data | {"staff_id":"5609"}
[2026-06-03 18:05:49] [local.INFO] [getApiDataWithJWT] Starting API call | {"endpoint":"atem","method":"POST","staff_id":"5609","has_data":true}
[2026-06-03 18:05:49] [local.INFO] [getAuthToken] Using cached token | {"staff_id":"5609","expiry":"2026-06-03 18:57:00"}
[2026-06-03 18:05:49] [local.INFO] [getApiDataWithJWT] Sending request to API | {"url":"http:\/\/localhost\/atem-api\/public\/api\/atem","method":"POST","data":{"issuer_staff_id":5609,"issuer_name":"Siti Anasuha Binti Rosli","department_id":16,"department_name":"Digital Innovation"}}
[2026-06-03 18:05:50] [local.INFO] [getApiDataWithJWT] API call successful | {"endpoint":"atem","httpCode":200,"response_length":32}
[2026-06-03 18:14:09] [local.INFO] [getApiDataWithJWT] Starting API call | {"endpoint":"atem\/lookups","method":"GET","staff_id":"5609","has_data":false}
[2026-06-03 18:14:09] [local.INFO] [getAuthToken] Using cached token | {"staff_id":"5609","expiry":"2026-06-03 18:57:00"}
[2026-06-03 18:14:09] [local.INFO] [getApiDataWithJWT] Sending request to API | {"url":"http:\/\/localhost\/atem-api\/public\/api\/atem\/lookups","method":"GET","data":null}
[2026-06-03 18:14:12] [local.INFO] [getApiDataWithJWT] API call successful | {"endpoint":"atem\/lookups","httpCode":200,"response_length":3550}
[2026-06-03 18:14:12] [local.INFO] [getStaffAuthData] Retrieving staff data | {"staff_id":"5609"}
[2026-06-03 18:14:12] [local.INFO] [getApiDataWithJWT] Starting API call | {"endpoint":"atem","method":"POST","staff_id":"5609","has_data":true}
[2026-06-03 18:14:12] [local.INFO] [getAuthToken] Using cached token | {"staff_id":"5609","expiry":"2026-06-03 18:57:00"}
[2026-06-03 18:14:12] [local.INFO] [getApiDataWithJWT] Sending request to API | {"url":"http:\/\/localhost\/atem-api\/public\/api\/atem","method":"POST","data":{"issuer_staff_id":5609,"issuer_name":"Siti Anasuha Binti Rosli","department_id":16,"department_name":"Digital Innovation"}}
[2026-06-03 18:14:13] [local.INFO] [getApiDataWithJWT] API call successful | {"endpoint":"atem","httpCode":200,"response_length":32}
[2026-06-04 09:23:23] [local.INFO] [getApiDataWithJWT] Starting API call | {"endpoint":"atem\/lookups","method":"GET","staff_id":"5609","has_data":false}
[2026-06-04 09:23:23] [local.INFO] [getJWTToken] Requesting new JWT token | {"email":"atem-service@local"}
[2026-06-04 09:23:43] [local.INFO] [getJWTToken] JWT token obtained successfully | {"httpCode":200}
[2026-06-04 09:23:43] [local.INFO] [getAuthToken] New token cached | {"staff_id":"5609","expiry":"2026-06-04 10:23:43"}
[2026-06-04 09:23:43] [local.INFO] [getApiDataWithJWT] Sending request to API | {"url":"http:\/\/localhost\/atem-api\/public\/api\/atem\/lookups","method":"GET","data":null}
[2026-06-04 09:23:46] [local.INFO] [getApiDataWithJWT] API call successful | {"endpoint":"atem\/lookups","httpCode":200,"response_length":3550}
[2026-06-04 09:23:46] [local.INFO] [getStaffAuthData] Retrieving staff data | {"staff_id":"5609"}
[2026-06-04 09:23:46] [local.INFO] [getApiDataWithJWT] Starting API call | {"endpoint":"atem","method":"POST","staff_id":"5609","has_data":true}
[2026-06-04 09:23:46] [local.INFO] [getAuthToken] Using cached token | {"staff_id":"5609","expiry":"2026-06-04 10:23:43"}
[2026-06-04 09:23:46] [local.INFO] [getApiDataWithJWT] Sending request to API | {"url":"http:\/\/localhost\/atem-api\/public\/api\/atem","method":"POST","data":{"issuer_staff_id":5609,"issuer_name":"Siti Anasuha Binti Rosli","department_id":16,"department_name":"Digital Innovation"}}
[2026-06-04 09:23:48] [local.INFO] [getApiDataWithJWT] API call successful | {"endpoint":"atem","httpCode":200,"response_length":32}
[2026-06-04 09:24:42] [local.INFO] [getApiDataWithJWT] Starting API call | {"endpoint":"atem\/lookups","method":"GET","staff_id":"5609","has_data":false}
[2026-06-04 09:24:42] [local.INFO] [getAuthToken] Using cached token | {"staff_id":"5609","expiry":"2026-06-04 10:23:43"}
[2026-06-04 09:24:42] [local.INFO] [getApiDataWithJWT] Sending request to API | {"url":"http:\/\/localhost\/atem-api\/public\/api\/atem\/lookups","method":"GET","data":null}
[2026-06-04 09:24:43] [local.INFO] [getApiDataWithJWT] API call successful | {"endpoint":"atem\/lookups","httpCode":200,"response_length":3550}
[2026-06-04 09:24:43] [local.INFO] [getStaffAuthData] Retrieving staff data | {"staff_id":"5609"}
[2026-06-04 09:24:43] [local.INFO] [getApiDataWithJWT] Starting API call | {"endpoint":"atem","method":"POST","staff_id":"5609","has_data":true}
[2026-06-04 09:24:43] [local.INFO] [getAuthToken] Using cached token | {"staff_id":"5609","expiry":"2026-06-04 10:23:43"}
[2026-06-04 09:24:43] [local.INFO] [getApiDataWithJWT] Sending request to API | {"url":"http:\/\/localhost\/atem-api\/public\/api\/atem","method":"POST","data":{"issuer_staff_id":5609,"issuer_name":"Siti Anasuha Binti Rosli","department_id":16,"department_name":"Digital Innovation"}}
[2026-06-04 09:24:44] [local.INFO] [getApiDataWithJWT] API call successful | {"endpoint":"atem","httpCode":200,"response_length":32}
